2026-08-05 03:37:48,776 - INFO - 🚀 TRAIN + ANALYZE DG-GATED MODEL (2-Phase Contrastive)
2026-08-05 03:37:48,776 - INFO - ================================================================================
2026-08-05 03:38:24,190 - INFO - Task 0 ([0, 1]): 10000 train, 2000 test samples
2026-08-05 03:38:57,783 - INFO - Task 1 ([2, 3]): 10000 train, 2000 test samples
2026-08-05 03:39:31,223 - INFO - Task 2 ([4, 5]): 10000 train, 2000 test samples
2026-08-05 03:40:04,649 - INFO - Task 3 ([6, 7]): 10000 train, 2000 test samples
2026-08-05 03:40:38,117 - INFO - Task 4 ([8, 9]): 10000 train, 2000 test samples
2026-08-05 03:40:41,230 - INFO - 🧠 Using LeNet-style feature extractor with Grid Cells.
2026-08-05 03:40:41,249 - INFO -   - LeNet feature extractor output dimension: 4096
2026-08-05 03:40:49,148 - INFO - 🔧 Initialized DG-Gated Hippocampal MoE with 5 experts, 2 classes per task
2026-08-05 03:40:49,149 - INFO - 🔧 Target DG sparsity: 0.03, Memory size per task: 200
2026-08-05 03:40:49,149 - INFO - 🔧 EMA parameters: warmup=30, momentum=0.9
2026-08-05 03:40:49,149 - INFO - 🔧 StandardFeatureExtractor disabled; passing raw inputs directly to DG as 3072-D vectors (3×32×32).
2026-08-05 03:40:49,848 - INFO - 🔧 Total model parameters: 19,919,114
2026-08-05 03:40:49,848 - INFO - 🔧 Expert parameters: 19,524,480 (3,904,896.0 per expert)
2026-08-05 03:40:49,852 - INFO - Model parameters (DG-Gated): 19,919,114
2026-08-05 03:40:49,852 - INFO - 🌡️ Set gating temperature to: 0.03
2026-08-05 03:40:49,852 - INFO - 🚪 Set gating strategy to: soft
2026-08-05 03:40:49,852 - INFO - 
================================================================================
2026-08-05 03:40:49,852 - INFO - PHASE 1: TRAINING HIPPOCAMPAL EXPERTS WITH DISTILLATION
2026-08-05 03:40:49,852 - INFO - ================================================================================
2026-08-05 03:40:49,853 - INFO - 🔧 Using EWC with lambda=1000.0 to prevent forgetting
2026-08-05 03:40:49,855 - INFO - 
Training Expert 0...
2026-08-05 03:40:49,855 - INFO -   Trainable parameters: 12,434,562
2026-08-05 03:40:50,026 - INFO - 🔧 Initialized online prototype tracking: 10 classes, 512 DG dims
2026-08-05 03:41:52,197 - INFO -   Epoch 12 | Test Acc: 88.40% (Best: 88.80%)
2026-08-05 03:41:52,208 - INFO - 🔧 EWC Enhanced: Initializing Fisher info for 64 parameter groups (12,434,562 total parameters)
2026-08-05 03:41:53,361 - INFO - 🔧 EWC Enhanced: Computed Fisher info for 64/64 parameter groups
2026-08-05 03:41:53,362 - INFO - 🔧 EWC Enhanced: Total Fisher parameters: 12,434,562
2026-08-05 03:41:53,529 - INFO - 🔧 EWC Fisher Analysis:
2026-08-05 03:41:53,529 - INFO -   - Total parameters: 12,434,562
2026-08-05 03:41:53,529 - INFO -   - Non-zero Fisher values: 3,027,470
2026-08-05 03:41:53,530 - INFO -   - Coverage ratio: 0.243
2026-08-05 03:41:53,530 - INFO -   - Fisher value range: [0.00e+00, 4.10e-03]
2026-08-05 03:41:53,530 - INFO -   - Fisher mean/std: 3.18e-08/4.19e-06
2026-08-05 03:41:53,530 - INFO -   - hippocampal_experts: 3,027,212/12,434,304 (0.243)
2026-08-05 03:41:53,530 - INFO -   - output_layers: 258/258 (1.000)
2026-08-05 03:41:53,536 - INFO - 🔧 EWC: Computed Fisher importance for expert 0 (64 parameter groups, 12,434,562 total parameters)
2026-08-05 03:41:53,536 - INFO - 🔒 Frozen prototypes for expert 0 classes: [0, 1]
2026-08-05 03:41:53,536 - INFO - 🔄 Updated DG prototypes for 1 trained experts
2026-08-05 03:42:48,129 - INFO - ✅ Online EMA prototypes computed during Phase 1 training
2026-08-05 03:42:48,130 - INFO -  POST PHASE 1 DG PATTERN SEPARATION DIAGNOSTIC
2026-08-05 03:42:48,130 - INFO - 
🔬🔬🔬🔬🔬🔬🔬🔬🔬🔬🔬🔬🔬🔬🔬🔬🔬🔬🔬🔬🔬🔬🔬🔬🔬🔬🔬🔬🔬🔬🔬🔬🔬🔬🔬🔬🔬🔬🔬🔬🔬🔬🔬🔬🔬🔬🔬🔬🔬🔬🔬🔬🔬🔬🔬🔬🔬🔬🔬🔬
2026-08-05 03:42:48,130 - INFO - 🔬 DG PATTERN SEPARATION DIAGNOSTIC
2026-08-05 03:42:48,130 - INFO - 🔬🔬🔬🔬🔬🔬🔬🔬🔬🔬🔬🔬🔬🔬🔬🔬🔬🔬🔬🔬🔬🔬🔬🔬🔬🔬🔬🔬🔬🔬🔬🔬🔬🔬🔬🔬🔬🔬🔬🔬🔬🔬🔬🔬🔬🔬🔬🔬🔬🔬🔬🔬🔬🔬🔬🔬🔬🔬🔬🔬
2026-08-05 03:42:51,945 - INFO - 📊 Collected 10000 samples across 5 experts
2026-08-05 03:42:51,945 - INFO - 📊 DG embedding dimension: 512
2026-08-05 03:42:55,127 - INFO - ✅ Silhouette Score: -0.0048
2026-08-05 03:42:55,377 - INFO - ✅ Davies–Bouldin Index: 19.8980
2026-08-05 03:43:31,268 - INFO - ✅ Mean Intra-Cluster Dist: 1.3397
2026-08-05 03:43:31,269 - INFO - ✅ Mean Inter-Cluster Dist: 1.3548
2026-08-05 03:43:31,269 - INFO - ✅ Separation Ratio (Inter/Intra): 1.0113
2026-08-05 03:43:31,269 - INFO - ⚠️ WEAK: Poor DG pattern separation
2026-08-05 03:43:31,269 - INFO - 🔬🔬🔬🔬🔬🔬🔬🔬🔬🔬🔬🔬🔬🔬🔬🔬🔬🔬🔬🔬🔬🔬🔬🔬🔬🔬🔬🔬🔬🔬🔬🔬🔬🔬🔬🔬🔬🔬🔬🔬🔬🔬🔬🔬🔬🔬🔬🔬🔬🔬🔬🔬🔬🔬🔬🔬🔬🔬🔬🔬
2026-08-05 03:43:31,269 - INFO - 🔬 DG PATTERN SEPARATION DIAGNOSTIC COMPLETE
2026-08-05 03:43:31,269 - INFO - 🔬🔬🔬🔬🔬🔬🔬🔬🔬🔬🔬🔬🔬🔬🔬🔬🔬🔬🔬🔬🔬🔬🔬🔬🔬🔬🔬🔬🔬🔬🔬🔬🔬🔬🔬🔬🔬🔬🔬🔬🔬🔬🔬🔬🔬🔬🔬🔬🔬🔬🔬🔬🔬🔬🔬🔬🔬🔬🔬🔬
2026-08-05 03:43:35,636 - INFO - [phase1] Prototype norm: mean=1.753, std=3.506
2026-08-05 03:43:36,107 - INFO - [phase1] Prototype similarity: mean=nan, min=nan, max=nan
2026-08-05 03:43:36,667 - INFO - ✅ Phase 1 prototype plots saved
2026-08-05 03:43:36,668 - INFO - 
================================================================================
2026-08-05 03:43:36,668 - INFO - PHASE 2: JOINT CONTRASTIVE FINE-TUNING OF DG EXPERTS (REPLAY ONLY)
2026-08-05 03:43:36,668 - INFO - ================================================================================
2026-08-05 03:43:36,676 - INFO -   🥶 CA3 and output layers frozen; no feature extractor is used.
2026-08-05 03:43:36,676 - INFO -   🔥 Surgically tuning 7,872,000 parameters in DG layers only.
2026-08-05 03:43:36,676 - INFO -   📚 Using ONLY replay buffer data to prevent forgetting.
2026-08-05 03:43:36,680 - INFO - 📚 Using 200 replay samples for Phase 2 training.
2026-08-05 03:44:18,032 - INFO -   Epoch 1 | Average Contrastive Loss: 3.1891
2026-08-05 03:44:18,033 - INFO - [Epoch 1] Pull sim: 0.6527, Pull dist: 0.3473, Pull violations: 0.1875, Push active: 0.0000
2026-08-05 03:44:18,033 - INFO - [Epoch 1] Expert Util - Mean: 0.200, Std: 0.070, Min: 0.169, Max: 0.325
2026-08-05 03:44:18,034 - INFO - [Epoch 1] Gating - Confidence: 0.325±0.019, Entropy: 1.566±0.011
2026-08-05 03:44:18,034 - INFO - [Epoch 1] Prototypes - Off-diag sim: 0.000±0.000, Range: [0.000, 0.000]
2026-08-05 03:44:18,035 - INFO - [Epoch 1] Memory - Total replay: 200, Distribution: [200, 0, 0, 0, 0]
2026-08-05 03:44:18,066 - INFO - [Epoch 1] Grad norm: 4.8789 (over 80 params)
2026-08-05 03:44:18,470 - INFO - 📚 Using 200 replay samples for Phase 2 training.
2026-08-05 03:44:58,582 - INFO -   Epoch 2 | Average Contrastive Loss: 3.0740
2026-08-05 03:44:58,582 - INFO - [Epoch 2] Pull sim: 0.7080, Pull dist: 0.2920, Pull violations: 0.0781, Push active: 0.0000
2026-08-05 03:44:58,583 - INFO - [Epoch 2] Expert Util - Mean: 0.200, Std: 0.077, Min: 0.166, Max: 0.337
2026-08-05 03:44:58,583 - INFO - [Epoch 2] Gating - Confidence: 0.337±0.018, Entropy: 1.558±0.011
2026-08-05 03:44:58,584 - INFO - [Epoch 2] Prototypes - Off-diag sim: 0.000±0.000, Range: [0.000, 0.000]
2026-08-05 03:44:58,584 - INFO - [Epoch 2] Memory - Total replay: 200, Distribution: [200, 0, 0, 0, 0]
2026-08-05 03:44:58,646 - INFO - [Epoch 2] Grad norm: 4.8788 (over 80 params)
2026-08-05 03:44:59,010 - INFO - 📚 Using 200 replay samples for Phase 2 training.
2026-08-05 03:45:39,325 - INFO -   Epoch 3 | Average Contrastive Loss: 3.0360
2026-08-05 03:45:39,325 - INFO - [Epoch 3] Pull sim: 0.7333, Pull dist: 0.2667, Pull violations: 0.0625, Push active: 0.0000
2026-08-05 03:45:39,326 - INFO - [Epoch 3] Expert Util - Mean: 0.200, Std: 0.080, Min: 0.164, Max: 0.343
2026-08-05 03:45:39,326 - INFO - [Epoch 3] Gating - Confidence: 0.343±0.017, Entropy: 1.553±0.010
2026-08-05 03:45:39,327 - INFO - [Epoch 3] Prototypes - Off-diag sim: 0.000±0.000, Range: [0.000, 0.000]
2026-08-05 03:45:39,327 - INFO - [Epoch 3] Memory - Total replay: 200, Distribution: [200, 0, 0, 0, 0]
2026-08-05 03:45:39,364 - INFO - [Epoch 3] Grad norm: 4.8788 (over 80 params)
2026-08-05 03:45:39,615 - INFO - 📚 Using 200 replay samples for Phase 2 training.
2026-08-05 03:46:19,007 - INFO -   Epoch 4 | Average Contrastive Loss: 3.0207
2026-08-05 03:46:19,007 - INFO - [Epoch 4] Pull sim: 0.7445, Pull dist: 0.2555, Pull violations: 0.0781, Push active: 0.0000
2026-08-05 03:46:19,007 - INFO - [Epoch 4] Expert Util - Mean: 0.200, Std: 0.081, Min: 0.164, Max: 0.345
2026-08-05 03:46:19,008 - INFO - [Epoch 4] Gating - Confidence: 0.345±0.016, Entropy: 1.552±0.010
2026-08-05 03:46:19,009 - INFO - [Epoch 4] Prototypes - Off-diag sim: 0.000±0.000, Range: [0.000, 0.000]
2026-08-05 03:46:19,009 - INFO - [Epoch 4] Memory - Total replay: 200, Distribution: [200, 0, 0, 0, 0]
2026-08-05 03:46:19,021 - INFO - [Epoch 4] Grad norm: 4.8788 (over 80 params)
2026-08-05 03:46:19,265 - INFO - 📚 Using 200 replay samples for Phase 2 training.
2026-08-05 03:46:59,314 - INFO -   Epoch 5 | Average Contrastive Loss: 3.0103
2026-08-05 03:46:59,314 - INFO - [Epoch 5] Pull sim: 0.7473, Pull dist: 0.2527, Pull violations: 0.0625, Push active: 0.0000
2026-08-05 03:46:59,315 - INFO - [Epoch 5] Expert Util - Mean: 0.200, Std: 0.081, Min: 0.164, Max: 0.346
2026-08-05 03:46:59,315 - INFO - [Epoch 5] Gating - Confidence: 0.346±0.015, Entropy: 1.551±0.010
2026-08-05 03:46:59,316 - INFO - [Epoch 5] Prototypes - Off-diag sim: 0.000±0.000, Range: [0.000, 0.000]
2026-08-05 03:46:59,316 - INFO - [Epoch 5] Memory - Total replay: 200, Distribution: [200, 0, 0, 0, 0]
2026-08-05 03:46:59,328 - INFO - [Epoch 5] Grad norm: 4.8788 (over 80 params)
2026-08-05 03:46:59,632 - INFO - 📚 Using 200 replay samples for Phase 2 training.
2026-08-05 03:47:40,088 - INFO -   Epoch 6 | Average Contrastive Loss: 3.0057
2026-08-05 03:47:40,089 - INFO - [Epoch 6] Pull sim: 0.7626, Pull dist: 0.2374, Pull violations: 0.0156, Push active: 0.0000
2026-08-05 03:47:40,089 - INFO - [Epoch 6] Expert Util - Mean: 0.200, Std: 0.083, Min: 0.163, Max: 0.349
2026-08-05 03:47:40,090 - INFO - [Epoch 6] Gating - Confidence: 0.349±0.010, Entropy: 1.549±0.006
2026-08-05 03:47:40,090 - INFO - [Epoch 6] Prototypes - Off-diag sim: 0.000±0.000, Range: [0.000, 0.000]
2026-08-05 03:47:40,090 - INFO - [Epoch 6] Memory - Total replay: 200, Distribution: [200, 0, 0, 0, 0]
2026-08-05 03:47:40,103 - INFO - [Epoch 6] Grad norm: 4.8788 (over 80 params)
2026-08-05 03:47:40,379 - INFO - 📚 Using 200 replay samples for Phase 2 training.
2026-08-05 03:48:20,430 - INFO -   Epoch 7 | Average Contrastive Loss: 3.0021
2026-08-05 03:48:20,431 - INFO - [Epoch 7] Pull sim: 0.7690, Pull dist: 0.2310, Pull violations: 0.0156, Push active: 0.0000
2026-08-05 03:48:20,431 - INFO - [Epoch 7] Expert Util - Mean: 0.200, Std: 0.084, Min: 0.162, Max: 0.350
2026-08-05 03:48:20,432 - INFO - [Epoch 7] Gating - Confidence: 0.350±0.007, Entropy: 1.548±0.004
2026-08-05 03:48:20,432 - INFO - [Epoch 7] Prototypes - Off-diag sim: 0.000±0.000, Range: [0.000, 0.000]
2026-08-05 03:48:20,433 - INFO - [Epoch 7] Memory - Total replay: 200, Distribution: [200, 0, 0, 0, 0]
2026-08-05 03:48:20,493 - INFO - [Epoch 7] Grad norm: 4.8788 (over 80 params)
2026-08-05 03:48:20,765 - INFO - 📚 Using 200 replay samples for Phase 2 training.
2026-08-05 03:49:00,456 - INFO -   Epoch 8 | Average Contrastive Loss: 3.0004
2026-08-05 03:49:00,457 - INFO - [Epoch 8] Pull sim: 0.7634, Pull dist: 0.2366, Pull violations: 0.0312, Push active: 0.0000
2026-08-05 03:49:00,457 - INFO - [Epoch 8] Expert Util - Mean: 0.200, Std: 0.083, Min: 0.163, Max: 0.349
2026-08-05 03:49:00,458 - INFO - [Epoch 8] Gating - Confidence: 0.349±0.010, Entropy: 1.549±0.007
2026-08-05 03:49:00,458 - INFO - [Epoch 8] Prototypes - Off-diag sim: 0.000±0.000, Range: [0.000, 0.000]
2026-08-05 03:49:00,458 - INFO - [Epoch 8] Memory - Total replay: 200, Distribution: [200, 0, 0, 0, 0]
2026-08-05 03:49:00,486 - INFO - [Epoch 8] Grad norm: 4.8788 (over 80 params)
2026-08-05 03:49:00,740 - INFO - 📚 Using 200 replay samples for Phase 2 training.
2026-08-05 03:49:40,472 - INFO -   Epoch 9 | Average Contrastive Loss: 2.9993
2026-08-05 03:49:40,472 - INFO - [Epoch 9] Pull sim: 0.7589, Pull dist: 0.2410, Pull violations: 0.0469, Push active: 0.0000
2026-08-05 03:49:40,472 - INFO - [Epoch 9] Expert Util - Mean: 0.200, Std: 0.083, Min: 0.163, Max: 0.348
2026-08-05 03:49:40,473 - INFO - [Epoch 9] Gating - Confidence: 0.348±0.014, Entropy: 1.549±0.009
2026-08-05 03:49:40,473 - INFO - [Epoch 9] Prototypes - Off-diag sim: 0.000±0.000, Range: [0.000, 0.000]
2026-08-05 03:49:40,473 - INFO - [Epoch 9] Memory - Total replay: 200, Distribution: [200, 0, 0, 0, 0]
2026-08-05 03:49:40,501 - INFO - [Epoch 9] Grad norm: 4.8788 (over 80 params)
2026-08-05 03:49:40,764 - INFO - 📚 Using 200 replay samples for Phase 2 training.
2026-08-05 03:50:20,415 - INFO -   Epoch 10 | Average Contrastive Loss: 2.9981
2026-08-05 03:50:20,415 - INFO - [Epoch 10] Pull sim: 0.7574, Pull dist: 0.2426, Pull violations: 0.0469, Push active: 0.0000
2026-08-05 03:50:20,416 - INFO - [Epoch 10] Expert Util - Mean: 0.200, Std: 0.083, Min: 0.163, Max: 0.348
2026-08-05 03:50:20,416 - INFO - [Epoch 10] Gating - Confidence: 0.348±0.015, Entropy: 1.550±0.009
2026-08-05 03:50:20,417 - INFO - [Epoch 10] Prototypes - Off-diag sim: 0.000±0.000, Range: [0.000, 0.000]
2026-08-05 03:50:20,417 - INFO - [Epoch 10] Memory - Total replay: 200, Distribution: [200, 0, 0, 0, 0]
2026-08-05 03:50:20,445 - INFO - [Epoch 10] Grad norm: 4.8788 (over 80 params)
2026-08-05 03:50:20,713 - INFO - 📚 Using 200 replay samples for Phase 2 training.
2026-08-05 03:51:00,270 - INFO -   Epoch 11 | Average Contrastive Loss: 2.9968
2026-08-05 03:51:00,271 - INFO - [Epoch 11] Pull sim: 0.7720, Pull dist: 0.2280, Pull violations: 0.0000, Push active: 0.0000
2026-08-05 03:51:00,271 - INFO - [Epoch 11] Expert Util - Mean: 0.200, Std: 0.084, Min: 0.162, Max: 0.351
2026-08-05 03:51:00,272 - INFO - [Epoch 11] Gating - Confidence: 0.351±0.003, Entropy: 1.548±0.002
2026-08-05 03:51:00,272 - INFO - [Epoch 11] Prototypes - Off-diag sim: 0.000±0.000, Range: [0.000, 0.000]
2026-08-05 03:51:00,272 - INFO - [Epoch 11] Memory - Total replay: 200, Distribution: [200, 0, 0, 0, 0]
2026-08-05 03:51:00,283 - INFO - [Epoch 11] Grad norm: 4.8788 (over 80 params)
2026-08-05 03:51:00,524 - INFO - 📚 Using 200 replay samples for Phase 2 training.
2026-08-05 03:51:40,212 - INFO -   Epoch 12 | Average Contrastive Loss: 2.9970
2026-08-05 03:51:40,212 - INFO - [Epoch 12] Pull sim: 0.7701, Pull dist: 0.2299, Pull violations: 0.0156, Push active: 0.0000
2026-08-05 03:51:40,212 - INFO - [Epoch 12] Expert Util - Mean: 0.200, Std: 0.084, Min: 0.162, Max: 0.351
2026-08-05 03:51:40,213 - INFO - [Epoch 12] Gating - Confidence: 0.351±0.007, Entropy: 1.548±0.004
2026-08-05 03:51:40,213 - INFO - [Epoch 12] Prototypes - Off-diag sim: 0.000±0.000, Range: [0.000, 0.000]
2026-08-05 03:51:40,213 - INFO - [Epoch 12] Memory - Total replay: 200, Distribution: [200, 0, 0, 0, 0]
2026-08-05 03:51:40,225 - INFO - [Epoch 12] Grad norm: 4.8788 (over 80 params)
2026-08-05 03:51:40,461 - INFO - 📚 Using 200 replay samples for Phase 2 training.
2026-08-05 03:52:20,078 - INFO -   Epoch 13 | Average Contrastive Loss: 2.9966
2026-08-05 03:52:20,078 - INFO - [Epoch 13] Pull sim: 0.7642, Pull dist: 0.2358, Pull violations: 0.0312, Push active: 0.0000
2026-08-05 03:52:20,079 - INFO - [Epoch 13] Expert Util - Mean: 0.200, Std: 0.084, Min: 0.163, Max: 0.349
2026-08-05 03:52:20,079 - INFO - [Epoch 13] Gating - Confidence: 0.349±0.012, Entropy: 1.549±0.007
2026-08-05 03:52:20,080 - INFO - [Epoch 13] Prototypes - Off-diag sim: 0.000±0.000, Range: [0.000, 0.000]
2026-08-05 03:52:20,080 - INFO - [Epoch 13] Memory - Total replay: 200, Distribution: [200, 0, 0, 0, 0]
2026-08-05 03:52:20,107 - INFO - [Epoch 13] Grad norm: 4.8788 (over 80 params)
2026-08-05 03:52:20,360 - INFO - 📚 Using 200 replay samples for Phase 2 training.
2026-08-05 03:53:00,517 - INFO -   Epoch 14 | Average Contrastive Loss: 2.9958
2026-08-05 03:53:00,517 - INFO - [Epoch 14] Pull sim: 0.7614, Pull dist: 0.2386, Pull violations: 0.0469, Push active: 0.0000
2026-08-05 03:53:00,518 - INFO - [Epoch 14] Expert Util - Mean: 0.200, Std: 0.083, Min: 0.163, Max: 0.349
2026-08-05 03:53:00,518 - INFO - [Epoch 14] Gating - Confidence: 0.349±0.013, Entropy: 1.549±0.008
2026-08-05 03:53:00,519 - INFO - [Epoch 14] Prototypes - Off-diag sim: 0.000±0.000, Range: [0.000, 0.000]
2026-08-05 03:53:00,519 - INFO - [Epoch 14] Memory - Total replay: 200, Distribution: [200, 0, 0, 0, 0]
2026-08-05 03:53:00,530 - INFO - [Epoch 14] Grad norm: 4.8788 (over 80 params)
2026-08-05 03:53:00,938 - INFO - 📚 Using 200 replay samples for Phase 2 training.
2026-08-05 03:53:41,182 - INFO -   Epoch 15 | Average Contrastive Loss: 2.9956
2026-08-05 03:53:41,183 - INFO - [Epoch 15] Pull sim: 0.7698, Pull dist: 0.2302, Pull violations: 0.0156, Push active: 0.0000
2026-08-05 03:53:41,183 - INFO - [Epoch 15] Expert Util - Mean: 0.200, Std: 0.084, Min: 0.162, Max: 0.351
2026-08-05 03:53:41,183 - INFO - [Epoch 15] Gating - Confidence: 0.351±0.009, Entropy: 1.548±0.006
2026-08-05 03:53:41,184 - INFO - [Epoch 15] Prototypes - Off-diag sim: 0.000±0.000, Range: [0.000, 0.000]
2026-08-05 03:53:41,184 - INFO - [Epoch 15] Memory - Total replay: 200, Distribution: [200, 0, 0, 0, 0]
2026-08-05 03:53:41,195 - INFO - [Epoch 15] Grad norm: 4.8788 (over 80 params)
2026-08-05 03:53:41,979 - INFO - 🔄 Updated DG prototypes for 1 trained experts
2026-08-05 03:53:41,980 - INFO - ✅ Final prototype update after Phase 2 complete
