2026-07-30 06:57:56,260 - INFO - ================================================================================
2026-07-30 06:58:06,197 - INFO - Task 0 ([0, 1]): 10000 train, 2000 test samples
2026-07-30 06:58:14,517 - INFO - Task 1 ([2, 3]): 10000 train, 2000 test samples
2026-07-30 06:58:23,199 - INFO - Task 2 ([4, 5]): 10000 train, 2000 test samples
2026-07-30 06:58:31,850 - INFO - Task 3 ([6, 7]): 10000 train, 2000 test samples
2026-07-30 06:58:40,117 - INFO - Task 4 ([8, 9]): 10000 train, 2000 test samples
2026-07-30 06:58:40,676 - INFO -   - LeNet feature extractor output dimension: 4096
2026-07-30 06:58:42,071 - INFO - Model parameters (DG-Gated): 44,039,498
2026-07-30 06:58:42,074 - INFO - 
================================================================================
2026-07-30 06:58:42,074 - INFO - PHASE 1: TRAINING HIPPOCAMPAL EXPERTS WITH DISTILLATION
2026-07-30 06:58:42,074 - INFO - ================================================================================
2026-07-30 06:58:42,075 - INFO - 
Training Expert 0...
2026-07-30 06:58:42,076 - INFO -   Trainable parameters: 19,630,274
2026-07-30 07:11:02,893 - INFO -   Epoch 12 | Test Acc: 97.15% (Best: 97.70%)
2026-07-30 07:11:15,839 - INFO -   - Total parameters: 19,630,274
2026-07-30 07:11:15,841 - INFO -   - Non-zero Fisher values: 2,577,893
2026-07-30 07:11:15,841 - INFO -   - Coverage ratio: 0.131
2026-07-30 07:11:15,841 - INFO -   - Fisher value range: [0.00e+00, 1.05e-03]
2026-07-30 07:11:15,841 - INFO -   - Fisher mean/std: 1.84e-08/1.10e-06
2026-07-30 07:11:15,841 - INFO -   - feature_extractor: 263,114/375,872 (0.700)
2026-07-30 07:11:15,841 - INFO -   - hippocampal_experts: 2,314,521/19,254,144 (0.120)
2026-07-30 07:11:15,841 - INFO -   - output_layers: 258/258 (1.000)
2026-07-30 07:11:15,849 - INFO - 
Training Expert 1...
2026-07-30 07:11:15,849 - INFO -   Trainable parameters: 19,630,274
2026-07-30 07:11:15,849 - INFO -   Using distillation from 1 previous expert(s)
2026-07-30 07:13:07,683 - INFO - DEBUG: Generating post-epoch logs for Expert 1, Epoch 1
2026-07-30 07:13:07,706 - INFO - [Epoch 1] Pull sim: 0.9920, Pull dist: 0.0080, Pull violations: 0.0000, Push active: 1.0000
2026-07-30 07:13:07,752 - INFO - [Epoch 1] DG Sparsity - Target: 0.030, Actual: 0.171, Error: 0.141
2026-07-30 07:13:07,752 - INFO - [Epoch 1] Memory - Total replay: 400, Avg per task: 80.0
2026-07-30 07:13:07,753 - INFO - [Epoch 1] Learning rate: 0.00e+00
