2026-08-05 05:15:11,408 - INFO - 🚀 TRAIN + ANALYZE DG-GATED MODEL (2-Phase Contrastive)
2026-08-05 05:15:11,409 - INFO - ================================================================================
2026-08-05 05:15:11,440 - INFO - 🖼️ Loaded custom two-class RGB dataset
2026-08-05 05:15:11,440 - INFO -   Root: /home/adamlab/repos/HiCL/eventSym
2026-08-05 05:15:11,441 - INFO -   Classes: {0: 'flammable', 1: 'parking'}
2026-08-05 05:15:11,441 - INFO -   Train samples: 388
2026-08-05 05:15:11,441 - INFO -   Test samples: 97
2026-08-05 05:15:11,441 - INFO -   Model input: RGB 32×32 (3072 flattened values)
2026-08-05 05:15:12,151 - INFO - 🧠 Using LeNet-style feature extractor with Grid Cells.
2026-08-05 05:15:12,169 - INFO -   - LeNet feature extractor output dimension: 4096
2026-08-05 05:15:13,926 - INFO - 🔧 Initialized DG-Gated Hippocampal MoE with 1 experts, 2 classes per task
2026-08-05 05:15:13,927 - INFO - 🔧 Target DG sparsity: 0.03, Memory size per task: 200
2026-08-05 05:15:13,927 - INFO - 🔧 EMA parameters: warmup=30, momentum=0.9
2026-08-05 05:15:13,927 - INFO - 🔧 StandardFeatureExtractor disabled; passing raw inputs directly to DG as 3072-D vectors (3×32×32).
2026-08-05 05:15:14,041 - INFO - 🔧 Total model parameters: 4,298,498
2026-08-05 05:15:14,041 - INFO - 🔧 Expert parameters: 3,904,896 (3,904,896.0 per expert)
2026-08-05 05:15:14,042 - INFO - Model parameters (DG-Gated): 4,298,498
2026-08-05 05:15:14,042 - INFO - 🌡️ Set gating temperature to: 0.03
2026-08-05 05:15:14,042 - INFO - 🚪 Set gating strategy to: soft
2026-08-05 05:15:14,042 - INFO - 
================================================================================
2026-08-05 05:15:14,042 - INFO - PHASE 1: TRAINING HIPPOCAMPAL EXPERTS WITH DISTILLATION
2026-08-05 05:15:14,042 - INFO - ================================================================================
2026-08-05 05:15:14,043 - INFO - 🔧 Using EWC with lambda=1000.0 to prevent forgetting
2026-08-05 05:15:14,043 - INFO - 
Training Expert 0...
2026-08-05 05:15:14,043 - INFO -   Trainable parameters: 3,905,154
2026-08-05 05:15:14,195 - INFO - 🔧 Initialized online prototype tracking: 2 classes, 512 DG dims
2026-08-05 05:15:33,719 - INFO -   Epoch 12 | Test Acc: 100.00% (Best: 100.00%)
2026-08-05 05:15:33,725 - INFO - 🔧 EWC Enhanced: Initializing Fisher info for 24 parameter groups (3,905,154 total parameters)
2026-08-05 05:15:36,642 - INFO - 🔧 EWC Enhanced: Computed Fisher info for 3/24 parameter groups
2026-08-05 05:15:36,642 - INFO - 🔧 EWC Enhanced: Total Fisher parameters: 3,905,154
2026-08-05 05:15:36,670 - INFO - 🔧 EWC Fisher Analysis:
2026-08-05 05:15:36,670 - INFO -   - Total parameters: 3,905,154
2026-08-05 05:15:36,670 - INFO -   - Non-zero Fisher values: 0
2026-08-05 05:15:36,670 - INFO -   - Coverage ratio: 0.000
2026-08-05 05:15:36,670 - INFO -   - Fisher value range: [0.00e+00, 2.84e-09]
2026-08-05 05:15:36,670 - INFO -   - Fisher mean/std: 5.46e-14/5.37e-12
2026-08-05 05:15:36,670 - INFO -   - hippocampal_experts: 0/3,904,896 (0.000)
2026-08-05 05:15:36,671 - INFO -   - output_layers: 0/258 (0.000)
2026-08-05 05:15:36,671 - INFO - 🔧 EWC: Computed Fisher importance for expert 0 (24 parameter groups, 3,905,154 total parameters)
2026-08-05 05:15:36,671 - INFO - 🔒 Frozen prototypes for expert 0 classes: [0, 1]
2026-08-05 05:15:36,671 - INFO - 🔄 Updated DG prototypes for 1 trained experts
2026-08-05 05:16:09,342 - INFO - ✅ Online EMA prototypes computed during Phase 1 training
2026-08-05 05:16:09,343 - INFO -  POST PHASE 1 DG PATTERN SEPARATION DIAGNOSTIC
2026-08-05 05:16:09,343 - INFO - 
🔬🔬🔬🔬🔬🔬🔬🔬🔬🔬🔬🔬🔬🔬🔬🔬🔬🔬🔬🔬🔬🔬🔬🔬🔬🔬🔬🔬🔬🔬🔬🔬🔬🔬🔬🔬🔬🔬🔬🔬🔬🔬🔬🔬🔬🔬🔬🔬🔬🔬🔬🔬🔬🔬🔬🔬🔬🔬🔬🔬
2026-08-05 05:16:09,343 - INFO - 🔬 DG PATTERN SEPARATION DIAGNOSTIC
2026-08-05 05:16:09,343 - INFO - 🔬🔬🔬🔬🔬🔬🔬🔬🔬🔬🔬🔬🔬🔬🔬🔬🔬🔬🔬🔬🔬🔬🔬🔬🔬🔬🔬🔬🔬🔬🔬🔬🔬🔬🔬🔬🔬🔬🔬🔬🔬🔬🔬🔬🔬🔬🔬🔬🔬🔬🔬🔬🔬🔬🔬🔬🔬🔬🔬🔬
2026-08-05 05:16:09,525 - INFO - 📊 Collected 97 samples across 1 experts
2026-08-05 05:16:09,526 - INFO - 📊 DG embedding dimension: 512
2026-08-05 05:16:09,530 - WARNING - ⚠️ Failed to compute Silhouette Score: Number of labels is 1. Valid values are 2 to n_samples - 1 (inclusive)
2026-08-05 05:16:09,531 - WARNING - ⚠️ Failed to compute Davies–Bouldin Index: Number of labels is 1. Valid values are 2 to n_samples - 1 (inclusive)
2026-08-05 05:16:09,535 - INFO - ✅ Mean Intra-Cluster Dist: 0.4965
2026-08-05 05:16:09,535 - INFO - ✅ Mean Inter-Cluster Dist: nan
2026-08-05 05:16:09,535 - WARNING - ⚠️ Could not compute separation ratio
2026-08-05 05:16:09,535 - INFO - 🔬🔬🔬🔬🔬🔬🔬🔬🔬🔬🔬🔬🔬🔬🔬🔬🔬🔬🔬🔬🔬🔬🔬🔬🔬🔬🔬🔬🔬🔬🔬🔬🔬🔬🔬🔬🔬🔬🔬🔬🔬🔬🔬🔬🔬🔬🔬🔬🔬🔬🔬🔬🔬🔬🔬🔬🔬🔬🔬🔬
2026-08-05 05:16:09,536 - INFO - 🔬 DG PATTERN SEPARATION DIAGNOSTIC COMPLETE
2026-08-05 05:16:09,536 - INFO - 🔬🔬🔬🔬🔬🔬🔬🔬🔬🔬🔬🔬🔬🔬🔬🔬🔬🔬🔬🔬🔬🔬🔬🔬🔬🔬🔬🔬🔬🔬🔬🔬🔬🔬🔬🔬🔬🔬🔬🔬🔬🔬🔬🔬🔬🔬🔬🔬🔬🔬🔬🔬🔬🔬🔬🔬🔬🔬🔬🔬
2026-08-05 05:16:09,536 - INFO - [phase1] Prototype norm: mean=19.867, std=0.000
2026-08-05 05:16:09,884 - WARNING - ⚠️ Failed to save Phase 1 prototype plots: zero-size array to reduction operation minimum which has no identity
2026-08-05 05:16:09,884 - INFO - ℹ️ Skipping Phase 2 expert-contrastive tuning: the current experiment has one expert, so expert-to-expert separation is not defined. Class separation is still measured before and after the DG by analyze_dg_input_output_features().
2026-08-05 05:16:09,884 - INFO - 
================================================================================
2026-08-05 05:16:09,885 - INFO - FINAL DG-GATED PERFORMANCE EVALUATION
2026-08-05 05:16:09,885 - INFO - ================================================================================
2026-08-05 05:16:10,069 - INFO - Task-IL Expert 0 (classes [0, 1]): 100.00%
2026-08-05 05:16:10,326 - INFO - === PER-CLASS CONFUSION MATRIX (TASK-IL) ===
[[48  0]
 [ 0 49]]
2026-08-05 05:16:10,326 - INFO - === PER-CLASS CONFUSION MATRIX (CLASS-IL) ===
[[48  0]
 [ 0 49]]
2026-08-05 05:16:10,327 - INFO - === PER-CLASS STATS (TASK-IL) ===
{0: {'avg_loss': 3.3825053833425045e-05, 'avg_conf': 0.9999661445617676, 'count': 48}, 1: {'avg_loss': 1.6022571799112484e-05, 'avg_conf': 0.9999840259552002, 'count': 49}}
2026-08-05 05:16:10,327 - INFO - === PER-CLASS STATS (CLASS-IL) ===
{0: {'avg_loss': 3.382505019544624e-05, 'avg_conf': 0.9999661445617676, 'count': 48}, 1: {'avg_loss': 1.6022571799112484e-05, 'avg_conf': 0.9999839663505554, 'count': 49}}
2026-08-05 05:16:10,327 - INFO - === ROUTING COUNTS (CLASS-IL) ===
{0: {0: 48}, 1: {0: 49}}
2026-08-05 05:16:10,327 - INFO - 
FINAL RESULTS:
2026-08-05 05:16:10,327 - INFO -   - Task-IL Accuracy (Oracle): 100.00%
2026-08-05 05:16:10,327 - INFO -   - Class-IL Accuracy (DG-Gated): 100.00%
2026-08-05 05:16:10,328 - INFO - 
🔬🔬🔬🔬🔬🔬🔬🔬🔬🔬🔬🔬🔬🔬🔬🔬🔬🔬🔬🔬🔬🔬🔬🔬🔬🔬🔬🔬🔬🔬🔬🔬🔬🔬🔬🔬🔬🔬🔬🔬🔬🔬🔬🔬🔬🔬🔬🔬🔬🔬🔬🔬🔬🔬🔬🔬🔬🔬🔬🔬
2026-08-05 05:16:10,328 - INFO - 🔬 ANALYZING THE DG-GATED MODEL
2026-08-05 05:16:10,328 - INFO - 🔬🔬🔬🔬🔬🔬🔬🔬🔬🔬🔬🔬🔬🔬🔬🔬🔬🔬🔬🔬🔬🔬🔬🔬🔬🔬🔬🔬🔬🔬🔬🔬🔬🔬🔬🔬🔬🔬🔬🔬🔬🔬🔬🔬🔬🔬🔬🔬🔬🔬🔬🔬🔬🔬🔬🔬🔬🔬🔬🔬
2026-08-05 05:16:15,677 - INFO - 📊 DG-Gated model analysis saved!
2026-08-05 05:16:15,678 - INFO - ℹ️ Skipping the multi-expert intra/inter-task deep-dive plot because only one expert/task is present.
2026-08-05 05:16:15,679 - INFO - Prototype drift from baseline to phase2: mean=19.9658, min=19.9658, max=19.9658
2026-08-05 05:16:16,282 - INFO - ✅ Prototype drift analysis completed
2026-08-05 05:16:23,225 - INFO - 
🎉 TRAINING + ANALYSIS OF DG-GATED MODEL COMPLETE!
2026-08-05 05:16:23,225 - INFO - 💾 Results saved in: hippocampal_optimal_20260805_051511/
2026-08-05 05:16:23,225 - INFO - 📊 Analysis plots: hippocampal_optimal_20260805_051511/dg_gated_analysis/
2026-08-05 05:16:23,226 - INFO - 📊 Deep-dive plots: hippocampal_optimal_20260805_051511/DG_Deep_Dive_Analysis.png
2026-08-05 05:16:23,226 - INFO - 📋 Report: hippocampal_optimal_20260805_051511/DG_Gated_Analysis_Report.md
2026-08-05 05:16:23,925 - INFO - === TRAIN CLASS COUNTS ===
{1: 194, 0: 194}
2026-08-05 05:16:23,925 - INFO - === TEST CLASS COUNTS ===
{1: 49, 0: 48}
